Archive member included to satisfy reference by file (symbol)

C:/ST/STM32CubeIDE_1.13.0/STM32CubeIDE/plugins/com.st.stm32cube.ide.mcu.externaltools.gnu-tools-for-stm32.13.3.rel1.win32_1.0.0.202411081344/tools/bin/../lib/gcc/arm-none-eabi/13.3.1/../../../../arm-none-eabi/lib/thumb/v7e-m+fp/hard\libc_nano.a(libc_a-exit.o)
                              C:/ST/STM32CubeIDE_1.13.0/STM32CubeIDE/plugins/com.st.stm32cube.ide.mcu.externaltools.gnu-tools-for-stm32.13.3.rel1.win32_1.0.0.202411081344/tools/bin/../lib/gcc/arm-none-eabi/13.3.1/../../../../arm-none-eabi/lib/thumb/v7e-m+fp/hard/crt0.o (exit)
C:/ST/STM32CubeIDE_1.13.0/STM32CubeIDE/plugins/com.st.stm32cube.ide.mcu.externaltools.gnu-tools-for-stm32.13.3.rel1.win32_1.0.0.202411081344/tools/bin/../lib/gcc/arm-none-eabi/13.3.1/../../../../arm-none-eabi/lib/thumb/v7e-m+fp/hard\libc_nano.a(libc_a-findfp.o)
                              C:/ST/STM32CubeIDE_1.13.0/STM32CubeIDE/plugins/com.st.stm32cube.ide.mcu.externaltools.gnu-tools-for-stm32.13.3.rel1.win32_1.0.0.202411081344/tools/bin/../lib/gcc/arm-none-eabi/13.3.1/../../../../arm-none-eabi/lib/thumb/v7e-m+fp/hard\libc_nano.a(libc_a-exit.o) (__stdio_exit_handler)
C:/ST/STM32CubeIDE_1.13.0/STM32CubeIDE/plugins/com.st.stm32cube.ide.mcu.externaltools.gnu-tools-for-stm32.13.3.rel1.win32_1.0.0.202411081344/tools/bin/../lib/gcc/arm-none-eabi/13.3.1/../../../../arm-none-eabi/lib/thumb/v7e-m+fp/hard\libc_nano.a(libc_a-fwalk.o)
                              C:/ST/STM32CubeIDE_1.13.0/STM32CubeIDE/plugins/com.st.stm32cube.ide.mcu.externaltools.gnu-tools-for-stm32.13.3.rel1.win32_1.0.0.202411081344/tools/bin/../lib/gcc/arm-none-eabi/13.3.1/../../../../arm-none-eabi/lib/thumb/v7e-m+fp/hard\libc_nano.a(libc_a-findfp.o) (_fwalk_sglue)
C:/ST/STM32CubeIDE_1.13.0/STM32CubeIDE/plugins/com.st.stm32cube.ide.mcu.externaltools.gnu-tools-for-stm32.13.3.rel1.win32_1.0.0.202411081344/tools/bin/../lib/gcc/arm-none-eabi/13.3.1/../../../../arm-none-eabi/lib/thumb/v7e-m+fp/hard\libc_nano.a(libc_a-stdio.o)
                              C:/ST/STM32CubeIDE_1.13.0/STM32CubeIDE/plugins/com.st.stm32cube.ide.mcu.externaltools.gnu-tools-for-stm32.13.3.rel1.win32_1.0.0.202411081344/tools/bin/../lib/gcc/arm-none-eabi/13.3.1/../../../../arm-none-eabi/lib/thumb/v7e-m+fp/hard\libc_nano.a(libc_a-findfp.o) (__sread)
C:/ST/STM32CubeIDE_1.13.0/STM32CubeIDE/plugins/com.st.stm32cube.ide.mcu.externaltools.gnu-tools-for-stm32.13.3.rel1.win32_1.0.0.202411081344/tools/bin/../lib/gcc/arm-none-eabi/13.3.1/../../../../arm-none-eabi/lib/thumb/v7e-m+fp/hard\libc_nano.a(libc_a-memset.o)
                              C:/ST/STM32CubeIDE_1.13.0/STM32CubeIDE/plugins/com.st.stm32cube.ide.mcu.externaltools.gnu-tools-for-stm32.13.3.rel1.win32_1.0.0.202411081344/tools/bin/../lib/gcc/arm-none-eabi/13.3.1/../../../../arm-none-eabi/lib/thumb/v7e-m+fp/hard/crt0.o (memset)
C:/ST/STM32CubeIDE_1.13.0/STM32CubeIDE/plugins/com.st.stm32cube.ide.mcu.externaltools.gnu-tools-for-stm32.13.3.rel1.win32_1.0.0.202411081344/tools/bin/../lib/gcc/arm-none-eabi/13.3.1/../../../../arm-none-eabi/lib/thumb/v7e-m+fp/hard\libc_nano.a(libc_a-closer.o)
                              C:/ST/STM32CubeIDE_1.13.0/STM32CubeIDE/plugins/com.st.stm32cube.ide.mcu.externaltools.gnu-tools-for-stm32.13.3.rel1.win32_1.0.0.202411081344/tools/bin/../lib/gcc/arm-none-eabi/13.3.1/../../../../arm-none-eabi/lib/thumb/v7e-m+fp/hard\libc_nano.a(libc_a-stdio.o) (_close_r)
C:/ST/STM32CubeIDE_1.13.0/STM32CubeIDE/plugins/com.st.stm32cube.ide.mcu.externaltools.gnu-tools-for-stm32.13.3.rel1.win32_1.0.0.202411081344/tools/bin/../lib/gcc/arm-none-eabi/13.3.1/../../../../arm-none-eabi/lib/thumb/v7e-m+fp/hard\libc_nano.a(libc_a-reent.o)
                              C:/ST/STM32CubeIDE_1.13.0/STM32CubeIDE/plugins/com.st.stm32cube.ide.mcu.externaltools.gnu-tools-for-stm32.13.3.rel1.win32_1.0.0.202411081344/tools/bin/../lib/gcc/arm-none-eabi/13.3.1/../../../../arm-none-eabi/lib/thumb/v7e-m+fp/hard\libc_nano.a(libc_a-closer.o) (errno)
C:/ST/STM32CubeIDE_1.13.0/STM32CubeIDE/plugins/com.st.stm32cube.ide.mcu.externaltools.gnu-tools-for-stm32.13.3.rel1.win32_1.0.0.202411081344/tools/bin/../lib/gcc/arm-none-eabi/13.3.1/../../../../arm-none-eabi/lib/thumb/v7e-m+fp/hard\libc_nano.a(libc_a-impure.o)
                              C:/ST/STM32CubeIDE_1.13.0/STM32CubeIDE/plugins/com.st.stm32cube.ide.mcu.externaltools.gnu-tools-for-stm32.13.3.rel1.win32_1.0.0.202411081344/tools/bin/../lib/gcc/arm-none-eabi/13.3.1/../../../../arm-none-eabi/lib/thumb/v7e-m+fp/hard\libc_nano.a(libc_a-reent.o) (_impure_ptr)
C:/ST/STM32CubeIDE_1.13.0/STM32CubeIDE/plugins/com.st.stm32cube.ide.mcu.externaltools.gnu-tools-for-stm32.13.3.rel1.win32_1.0.0.202411081344/tools/bin/../lib/gcc/arm-none-eabi/13.3.1/../../../../arm-none-eabi/lib/thumb/v7e-m+fp/hard\libc_nano.a(libc_a-lseekr.o)
[...]
Memory Configuration

Name             Origin             Length             Attributes
RAM              0x20000000         0x00020000         xrw
FLASH            0x08000000         0x00010000         xr
*default*        0x00000000         0xffffffff

Linker script and memory map

LOAD C:/ST/STM32CubeIDE_1.13.0/STM32CubeIDE/plugins/com.st.stm32cube.ide.mcu.externaltools.gnu-tools-for-stm32.13.3.rel1.win32_1.0.0.202411081344/tools/bin/../lib/gcc/arm-none-eabi/13.3.1/thumb/v7e-m+fp/hard/crti.o
LOAD C:/ST/STM32CubeIDE_1.13.0/STM32CubeIDE/plugins/com.st.stm32cube.ide.mcu.externaltools.gnu-tools-for-stm32.13.3.rel1.win32_1.0.0.202411081344/tools/bin/../lib/gcc/arm-none-eabi/13.3.1/thumb/v7e-m+fp/hard/crtbegin.o
LOAD C:/ST/STM32CubeIDE_1.13.0/STM32CubeIDE/plugins/com.st.stm32cube.ide.mcu.externaltools.gnu-tools-for-stm32.13.3.rel1.win32_1.0.0.202411081344/tools/bin/../lib/gcc/arm-none-eabi/13.3.1/../../../../arm-none-eabi/lib/thumb/v7e-m+fp/hard/crt0.o
LOAD ./Core/Src/flash.o
LOAD ./Core/Src/main.o
LOAD ./Core/Src/stm32g4xx_hal_msp.o
LOAD ./Core/Src/stm32g4xx_it.o
LOAD ./Core/Src/syscalls.o
LOAD ./Core/Src/sysmem.o
LOAD ./Core/Src/system_stm32g4xx.o
LOAD ./Core/Src/uart.o
LOAD ./Core/Src/xmodem.o
LOAD ./Core/Startup/startup_stm32g474qetx.o
LOAD ./Drivers/STM32G4xx_HAL_Driver/Src/stm32g4xx_hal.o
LOAD ./Drivers/STM32G4xx_HAL_Driver/Src/stm32g4xx_hal_cortex.o
LOAD ./Drivers/STM32G4xx_HAL_Driver/Src/stm32g4xx_hal_dma.o
LOAD ./Drivers/STM32G4xx_HAL_Driver/Src/stm32g4xx_hal_dma_ex.o
LOAD ./Drivers/STM32G4xx_HAL_Driver/Src/stm32g4xx_hal_exti.o
LOAD ./Drivers/STM32G4xx_HAL_Driver/Src/stm32g4xx_hal_flash.o
LOAD ./Drivers/STM32G4xx_HAL_Driver/Src/stm32g4xx_hal_flash_ex.o
LOAD ./Drivers/STM32G4xx_HAL_Driver/Src/stm32g4xx_hal_flash_ramfunc.o
LOAD ./Drivers/STM32G4xx_HAL_Driver/Src/stm32g4xx_hal_gpio.o
LOAD ./Drivers/STM32G4xx_HAL_Driver/Src/stm32g4xx_hal_pwr.o
LOAD ./Drivers/STM32G4xx_HAL_Driver/Src/stm32g4xx_hal_pwr_ex.o
LOAD ./Drivers/STM32G4xx_HAL_Driver/Src/stm32g4xx_hal_rcc.o
LOAD ./Drivers/STM32G4xx_HAL_Driver/Src/stm32g4xx_hal_rcc_ex.o
LOAD ./Drivers/STM32G4xx_HAL_Driver/Src/stm32g4xx_hal_tim.o
LOAD ./Drivers/STM32G4xx_HAL_Driver/Src/stm32g4xx_hal_tim_ex.o
LOAD ./Drivers/STM32G4xx_HAL_Driver/Src/stm32g4xx_hal_uart.o
LOAD ./Drivers/STM32G4xx_HAL_Driver/Src/stm32g4xx_hal_uart_ex.o
START GROUP
LOAD C:/ST/STM32CubeIDE_1.13.0/STM32CubeIDE/plugins/com.st.stm32cube.ide.mcu.externaltools.gnu-tools-for-stm32.13.3.rel1.win32_1.0.0.202411081344/tools/bin/../lib/gcc/arm-none-eabi/13.3.1/../../../../arm-none-eabi/lib/thumb/v7e-m+fp/hard\libc_nano.a
LOAD C:/ST/STM32CubeIDE_1.13.0/STM32CubeIDE/plugins/com.st.stm32cube.ide.mcu.externaltools.gnu-tools-for-stm32.13.3.rel1.win32_1.0.0.202411081344/tools/bin/../lib/gcc/arm-none-eabi/13.3.1/../../../../arm-none-eabi/lib/thumb/v7e-m+fp/hard\libm.a
END GROUP
START GROUP
LOAD C:/ST/STM32CubeIDE_1.13.0/STM32CubeIDE/plugins/com.st.stm32cube.ide.mcu.externaltools.gnu-tools-for-stm32.13.3.rel1.win32_1.0.0.202411081344/tools/bin/../lib/gcc/arm-none-eabi/13.3.1/thumb/v7e-m+fp/hard\libgcc.a
LOAD C:/ST/STM32CubeIDE_1.13.0/STM32CubeIDE/plugins/com.st.stm32cube.ide.mcu.externaltools.gnu-tools-for-stm32.13.3.rel1.win32_1.0.0.202411081344/tools/bin/../lib/gcc/arm-none-eabi/13.3.1/../../../../arm-none-eabi/lib/thumb/v7e-m+fp/hard\libc_nano.a
END GROUP
START GROUP
LOAD C:/ST/STM32CubeIDE_1.13.0/STM32CubeIDE/plugins/com.st.stm32cube.ide.mcu.externaltools.gnu-tools-for-stm32.13.3.rel1.win32_1.0.0.202411081344/tools/bin/../lib/gcc/arm-none-eabi/13.3.1/thumb/v7e-m+fp/hard\libgcc.a
LOAD C:/ST/STM32CubeIDE_1.13.0/STM32CubeIDE/plugins/com.st.stm32cube.ide.mcu.externaltools.gnu-tools-for-stm32.13.3.rel1.win32_1.0.0.202411081344/tools/bin/../lib/gcc/arm-none-eabi/13.3.1/../../../../arm-none-eabi/lib/thumb/v7e-m+fp/hard\libc_nano.a
LOAD C:/ST/STM32CubeIDE_1.13.0/STM32CubeIDE/plugins/com.st.stm32cube.ide.mcu.externaltools.gnu-tools-for-stm32.13.3.rel1.win32_1.0.0.202411081344/tools/bin/../lib/gcc/arm-none-eabi/13.3.1/../../../../arm-none-eabi/lib/thumb/v7e-m+fp/hard\libnosys.a
END GROUP
START GROUP
LOAD C:/ST/STM32CubeIDE_1.13.0/STM32CubeIDE/plugins/com.st.stm32cube.ide.mcu.externaltools.gnu-tools-for-stm32.13.3.rel1.win32_1.0.0.202411081344/tools/bin/../lib/gcc/arm-none-eabi/13.3.1/thumb/v7e-m+fp/hard\libgcc.a
LOAD C:/ST/STM32CubeIDE_1.13.0/STM32CubeIDE/plugins/com.st.stm32cube.ide.mcu.externaltools.gnu-tools-for-stm32.13.3.rel1.win32_1.0.0.202411081344/tools/bin/../lib/gcc/arm-none-eabi/13.3.1/../../../../arm-none-eabi/lib/thumb/v7e-m+fp/hard\libc_nano.a
LOAD C:/ST/STM32CubeIDE_1.13.0/STM32CubeIDE/plugins/com.st.stm32cube.ide.mcu.externaltools.gnu-tools-for-stm32.13.3.rel1.win32_1.0.0.202411081344/tools/bin/../lib/gcc/arm-none-eabi/13.3.1/../../../../arm-none-eabi/lib/thumb/v7e-m+fp/hard\libnosys.a
END GROUP
LOAD C:/ST/STM32CubeIDE_1.13.0/STM32CubeIDE/plugins/com.st.stm32cube.ide.mcu.externaltools.gnu-tools-for-stm32.13.3.rel1.win32_1.0.0.202411081344/tools/bin/../lib/gcc/arm-none-eabi/13.3.1/thumb/v7e-m+fp/hard/crtend.o
LOAD C:/ST/STM32CubeIDE_1.13.0/STM32CubeIDE/plugins/com.st.stm32cube.ide.mcu.externaltools.gnu-tools-for-stm32.13.3.rel1.win32_1.0.0.202411081344/tools/bin/../lib/gcc/arm-none-eabi/13.3.1/thumb/v7e-m+fp/hard/crtn.o
                0x20020000                        _estack = (ORIGIN (RAM) + LENGTH (RAM))
                0x00000200                        _Min_Heap_Size = 0x200
                0x00000400                        _Min_Stack_Size = 0x400

.isr_vector     0x08000000      0x1d8
                0x08000000                        . = ALIGN (0x4)
 *(.isr_vector)
 .isr_vector    0x08000000      0x1d8 ./Core/Startup/startup_stm32g474qetx.o
                0x08000000                g_pfnVectors
                0x080001d8                        . = ALIGN (0x4)

.text           0x080001d8     0x4050
                0x080001d8                        . = ALIGN (0x4)
 *(.text)
 .text          0x080001d8       0x40 C:/ST/STM32CubeIDE_1.13.0/STM32CubeIDE/plugins/com.st.stm32cube.ide.mcu.externaltools.gnu-tools-for-stm32.13.3.rel1.win32_1.0.0.202411081344/tools/bin/../lib/gcc/arm-none-eabi/13.3.1/thumb/v7e-m+fp/hard/crtbegin.o
 .text          0x08000218       0x30 C:/ST/STM32CubeIDE_1.13.0/STM32CubeIDE/plugins/com.st.stm32cube.ide.mcu.externaltools.gnu-tools-for-stm32.13.3.rel1.win32_1.0.0.202411081344/tools/bin/../lib/gcc/arm-none-eabi/13.3.1/thumb/v7e-m+fp/hard\libgcc.a(_aeabi_uldivmod.o)
                0x08000218                __aeabi_uldivmod
 .text          0x08000248      0x2f8 C:/ST/STM32CubeIDE_1.13.0/STM32CubeIDE/plugins/com.st.stm32cube.ide.mcu.externaltools.gnu-tools-for-stm32.13.3.rel1.win32_1.0.0.202411081344/tools/bin/../lib/gcc/arm-none-eabi/13.3.1/thumb/v7e-m+fp/hard\libgcc.a(_udivmoddi4.o)
                0x08000248                __udivmoddi4
 .text          0x08000540        0x4 C:/ST/STM32CubeIDE_1.13.0/STM32CubeIDE/plugins/com.st.stm32cube.ide.mcu.externaltools.gnu-tools-for-stm32.13.3.rel1.win32_1.0.0.202411081344/tools/bin/../lib/gcc/arm-none-eabi/13.3.1/thumb/v7e-m+fp/hard\libgcc.a(_dvmd_tls.o)
                0x08000540                __aeabi_idiv0
                0x08000540                __aeabi_ldiv0
 *(.text*)
 .text.GetPage  0x08000544       0x40 ./Core/Src/flash.o
 .text.GetBank  0x08000584       0x30 ./Core/Src/flash.o
 .text.flash_erase
                0x080005b4       0x8c ./Core/Src/flash.o
                0x080005b4                flash_erase
 .text.flash_erase_config_area
                0x08000640       0xb8 ./Core/Src/flash.o
                0x08000640                flash_erase_config_area
 .text.flash_write
                0x080006f8      0x102 ./Core/Src/flash.o
                0x080006f8                flash_write
 *fill*         0x080007fa        0x2 
 .text.flash_jump_to_app
                0x080007fc       0x34 ./Core/Src/flash.o
                0x080007fc                flash_jump_to_app
 .text.main     0x08000830      0x198 ./Core/Src/main.o
                0x08000830                main
 .text.SystemClock_Config
                0x080009c8       0x96 ./Core/Src/main.o
                0x080009c8                SystemClock_Config
 *fill*         0x08000a5e        0x2 
 .text.MX_UART4_Init
                0x08000a60       0x98 ./Core/Src/main.o
 .text.MX_GPIO_Init
                0x08000af8       0xf0 ./Core/Src/main.o
 .text.Error_Handler
                0x08000be8        0xc ./Core/Src/main.o
                0x08000be8                Error_Handler
 .text.HAL_MspInit
                0x08000bf4       0x48 ./Core/Src/stm32g4xx_hal_msp.o
                0x08000bf4                HAL_MspInit
 .text.HAL_UART_MspInit
                0x08000c3c       0xb4 ./Core/Src/stm32g4xx_hal_msp.o
                0x08000c3c                HAL_UART_MspInit
 .text.NMI_Handler
                0x08000cf0        0x8 ./Core/Src/stm32g4xx_it.o
                0x08000cf0                NMI_Handler
 .text.HardFault_Handler
                0x08000cf8        0x8 ./Core/Src/stm32g4xx_it.o
                0x08000cf8                HardFault_Handler
 .text.MemManage_Handler
                0x08000d00        0x8 ./Core/Src/stm32g4xx_it.o
                0x08000d00                MemManage_Handler
 .text.BusFault_Handler
                0x08000d08        0x8 ./Core/Src/stm32g4xx_it.o
                0x08000d08                BusFault_Handler
 .text.UsageFault_Handler
                0x08000d10        0x8 ./Core/Src/stm32g4xx_it.o
                0x08000d10                UsageFault_Handler
 .text.SVC_Handler
                0x08000d18        0xe ./Core/Src/stm32g4xx_it.o
                0x08000d18                SVC_Handler
 .text.DebugMon_Handler
                0x08000d26        0xe ./Core/Src/stm32g4xx_it.o
                0x08000d26                DebugMon_Handler
 .text.PendSV_Handler
                0x08000d34        0xe ./Core/Src/stm32g4xx_it.o
                0x08000d34                PendSV_Handler
 .text.SysTick_Handler
                0x08000d42        0xc ./Core/Src/stm32g4xx_it.o
                0x08000d42                SysTick_Handler
 *fill*         0x08000d4e        0x2 
 .text.SystemInit
                0x08000d50       0x24 ./Core/Src/system_stm32g4xx.o
                0x08000d50                SystemInit
 .text.uart_receive
                0x08000d74       0x38 ./Core/Src/uart.o
                0x08000d74                uart_receive
 .text.uart_transmit_str
                0x08000dac       0x4c ./Core/Src/uart.o
                0x08000dac                uart_transmit_str
 .text.uart_transmit_ch
                0x08000df8       0x48 ./Core/Src/uart.o
                0x08000df8                uart_transmit_ch
 .text.xmodem_receive
                0x08000e40      0x16c ./Core/Src/xmodem.o
                0x08000e40                xmodem_receive
 .text.xmodem_calc_crc
                0x08000fac       0x76 ./Core/Src/xmodem.o
 *fill*         0x08001022        0x2 
 .text.xmodem_handle_packet
                0x08001024      0x24c ./Core/Src/xmodem.o
 .text.xmodem_error_handler
                0x08001270       0x4c ./Core/Src/xmodem.o
 .text.Reset_Handler
                0x080012bc       0x50 ./Core/Startup/startup_stm32g474qetx.o
                0x080012bc                Reset_Handler
 .text.Default_Handler
                0x0800130c        0x2 ./Core/Startup/startup_stm32g474qetx.o
                0x0800130c                RTC_Alarm_IRQHandler
                0x0800130c                EXTI2_IRQHandler
                0x0800130c                TIM8_TRG_COM_IRQHandler
                0x0800130c                TIM8_CC_IRQHandler
                0x0800130c                HRTIM1_Master_IRQHandler
                0x0800130c                SPI4_IRQHandler
                0x0800130c                FDCAN3_IT0_IRQHandler
                0x0800130c                TIM1_CC_IRQHandler
                0x0800130c                HRTIM1_FLT_IRQHandler
                0x0800130c                HRTIM1_TIMF_IRQHandler
                0x0800130c                USB_HP_IRQHandler
                0x0800130c                CORDIC_IRQHandler
                0x0800130c                HRTIM1_TIMD_IRQHandler
                0x0800130c                DMA2_Channel8_IRQHandler
                0x0800130c                EXTI3_IRQHandler
                0x0800130c                I2C3_ER_IRQHandler
                0x0800130c                EXTI0_IRQHandler
                0x0800130c                I2C2_EV_IRQHandler
                0x0800130c                FPU_IRQHandler
                0x0800130c                FDCAN1_IT1_IRQHandler
                0x0800130c                TIM1_UP_TIM16_IRQHandler
                0x0800130c                ADC1_2_IRQHandler
                0x0800130c                HRTIM1_TIME_IRQHandler
                0x0800130c                SPI1_IRQHandler
                0x0800130c                TIM6_DAC_IRQHandler
                0x0800130c                HRTIM1_TIMC_IRQHandler
                0x0800130c                TIM8_UP_IRQHandler
                0x0800130c                DMA2_Channel2_IRQHandler
                0x0800130c                DMA1_Channel4_IRQHandler
                0x0800130c                TIM20_TRG_COM_IRQHandler
                0x0800130c                USART3_IRQHandler
                0x0800130c                DMA1_Channel7_IRQHandler
                0x0800130c                UART5_IRQHandler
                0x0800130c                ADC3_IRQHandler
                0x0800130c                TIM4_IRQHandler
                0x0800130c                DMA2_Channel1_IRQHandler
                0x0800130c                QUADSPI_IRQHandler
                0x0800130c                I2C1_EV_IRQHandler
                0x0800130c                DMA1_Channel6_IRQHandler
                0x0800130c                UART4_IRQHandler
                0x0800130c                DMA2_Channel4_IRQHandler
                0x0800130c                TIM3_IRQHandler
                0x0800130c                RCC_IRQHandler
                0x0800130c                TIM20_UP_IRQHandler
                0x0800130c                DMA1_Channel1_IRQHandler
                0x0800130c                Default_Handler
                0x0800130c                DMA2_Channel7_IRQHandler
                0x0800130c                RTC_TAMP_LSECSS_IRQHandler
                0x0800130c                FMAC_IRQHandler
                0x0800130c                EXTI15_10_IRQHandler
                0x0800130c                DMA1_Channel8_IRQHandler
                0x0800130c                HRTIM1_TIMA_IRQHandler
                0x0800130c                TIM7_DAC_IRQHandler
                0x0800130c                FDCAN3_IT1_IRQHandler
                0x0800130c                TIM5_IRQHandler
                0x0800130c                UCPD1_IRQHandler
                0x0800130c                I2C3_EV_IRQHandler
                0x0800130c                EXTI9_5_IRQHandler
                0x0800130c                RTC_WKUP_IRQHandler
                0x0800130c                PVD_PVM_IRQHandler
                0x0800130c                SPI2_IRQHandler
                0x0800130c                ADC5_IRQHandler
                0x0800130c                DMA2_Channel5_IRQHandler
                0x0800130c                CRS_IRQHandler
                0x0800130c                DMA1_Channel5_IRQHandler
                0x0800130c                USB_LP_IRQHandler
                0x0800130c                EXTI4_IRQHandler
                0x0800130c                RNG_IRQHandler
                0x0800130c                HRTIM1_TIMB_IRQHandler
                0x0800130c                TIM1_TRG_COM_TIM17_IRQHandler
                0x0800130c                FDCAN2_IT1_IRQHandler
                0x0800130c                DMA1_Channel3_IRQHandler
                0x0800130c                ADC4_IRQHandler
                0x0800130c                WWDG_IRQHandler
                0x0800130c                I2C4_EV_IRQHandler
                0x0800130c                FDCAN2_IT0_IRQHandler
                0x0800130c                LPUART1_IRQHandler
                0x0800130c                DMA2_Channel6_IRQHandler
                0x0800130c                FDCAN1_IT0_IRQHandler
                0x0800130c                TIM2_IRQHandler
                0x0800130c                COMP7_IRQHandler
                0x0800130c                COMP1_2_3_IRQHandler
                0x0800130c                EXTI1_IRQHandler
                0x0800130c                USART2_IRQHandler
                0x0800130c                COMP4_5_6_IRQHandler
                0x0800130c                TIM20_BRK_IRQHandler
                0x0800130c                I2C2_ER_IRQHandler
                0x0800130c                DMA1_Channel2_IRQHandler
                0x0800130c                TIM8_BRK_IRQHandler
                0x0800130c                FLASH_IRQHandler
                0x0800130c                TIM20_CC_IRQHandler
                0x0800130c                USART1_IRQHandler
                0x0800130c                SPI3_IRQHandler
                0x0800130c                I2C1_ER_IRQHandler
                0x0800130c                FMC_IRQHandler
                0x0800130c                LPTIM1_IRQHandler
                0x0800130c                DMAMUX_OVR_IRQHandler
                0x0800130c                I2C4_ER_IRQHandler
                0x0800130c                USBWakeUp_IRQHandler
                0x0800130c                SAI1_IRQHandler
                0x0800130c                DMA2_Channel3_IRQHandler
                0x0800130c                TIM1_BRK_TIM15_IRQHandler
 .text.HAL_Init
                0x0800130e       0x30 ./Drivers/STM32G4xx_HAL_Driver/Src/stm32g4xx_hal.o
                0x0800130e                HAL_Init
 *fill*         0x0800133e        0x2 
 .text.HAL_DeInit
                0x08001340       0x58 ./Drivers/STM32G4xx_HAL_Driver/Src/stm32g4xx_hal.o
                0x08001340                HAL_DeInit
 .text.HAL_MspDeInit
                0x08001398        0xe ./Drivers/STM32G4xx_HAL_Driver/Src/stm32g4xx_hal.o
                0x08001398                HAL_MspDeInit
 *fill*         0x080013a6        0x2 
 .text.HAL_InitTick
                0x080013a8       0x74 ./Drivers/STM32G4xx_HAL_Driver/Src/stm32g4xx_hal.o
                0x080013a8                HAL_InitTick
 .text.HAL_IncTick
                0x0800141c       0x24 ./Drivers/STM32G4xx_HAL_Driver/Src/stm32g4xx_hal.o
                0x0800141c                HAL_IncTick
 .text.HAL_GetTick
                0x08001440       0x18 ./Drivers/STM32G4xx_HAL_Driver/Src/stm32g4xx_hal.o
                0x08001440                HAL_GetTick
 .text.__NVIC_SetPriorityGrouping
                0x08001458       0x48 ./Drivers/STM32G4xx_HAL_Driver/Src/stm32g4xx_hal_cortex.o
 .text.__NVIC_GetPriorityGrouping
                0x080014a0       0x1c ./Drivers/STM32G4xx_HAL_Driver/Src/stm32g4xx_hal_cortex.o
 .text.__NVIC_SetPriority
                0x080014bc       0x54 ./Drivers/STM32G4xx_HAL_Driver/Src/stm32g4xx_hal_cortex.o
 .text.NVIC_EncodePriority
                0x08001510       0x66 ./Drivers/STM32G4xx_HAL_Driver/Src/stm32g4xx_hal_cortex.o
 *fill*         0x08001576        0x2 
 .text.SysTick_Config
                0x08001578       0x44 ./Drivers/STM32G4xx_HAL_Driver/Src/stm32g4xx_hal_cortex.o
 .text.HAL_NVIC_SetPriorityGrouping
                0x080015bc       0x16 ./Drivers/STM32G4xx_HAL_Driver/Src/stm32g4xx_hal_cortex.o
                0x080015bc                HAL_NVIC_SetPriorityGrouping
 .text.HAL_NVIC_SetPriority
                0x080015d2       0x34 ./Drivers/STM32G4xx_HAL_Driver/Src/stm32g4xx_hal_cortex.o
                0x080015d2                HAL_NVIC_SetPriority
 .text.HAL_SYSTICK_Config
                0x08001606       0x18 ./Drivers/STM32G4xx_HAL_Driver/Src/stm32g4xx_hal_cortex.o
                0x08001606                HAL_SYSTICK_Config
 .text.HAL_DMA_Abort
                0x0800161e       0xb2 ./Drivers/STM32G4xx_HAL_Driver/Src/stm32g4xx_hal_dma.o
                0x0800161e                HAL_DMA_Abort
 .text.HAL_DMA_GetError
                0x080016d0       0x18 ./Drivers/STM32G4xx_HAL_Driver/Src/stm32g4xx_hal_dma.o
                0x080016d0                HAL_DMA_GetError
 .text.HAL_FLASH_Program
                0x080016e8       0xd8 ./Drivers/STM32G4xx_HAL_Driver/Src/stm32g4xx_hal_flash.o
                0x080016e8                HAL_FLASH_Program
 .text.HAL_FLASH_Unlock
                0x080017c0       0x44 ./Drivers/STM32G4xx_HAL_Driver/Src/stm32g4xx_hal_flash.o
                0x080017c0                HAL_FLASH_Unlock
 .text.HAL_FLASH_Lock
                0x08001804       0x34 ./Drivers/STM32G4xx_HAL_Driver/Src/stm32g4xx_hal_flash.o
                0x08001804                HAL_FLASH_Lock
 .text.FLASH_WaitForLastOperation
                0x08001838       0xa4 ./Drivers/STM32G4xx_HAL_Driver/Src/stm32g4xx_hal_flash.o
                0x08001838                FLASH_WaitForLastOperation
 .text.FLASH_Program_DoubleWord
                0x080018dc       0x4c ./Drivers/STM32G4xx_HAL_Driver/Src/stm32g4xx_hal_flash.o
 .text.FLASH_Program_Fast
                0x08001928       0x6c ./Drivers/STM32G4xx_HAL_Driver/Src/stm32g4xx_hal_flash.o
 .text.HAL_FLASHEx_Erase
                0x08001994      0x138 ./Drivers/STM32G4xx_HAL_Driver/Src/stm32g4xx_hal_flash_ex.o
                0x08001994                HAL_FLASHEx_Erase
 .text.FLASH_MassErase
                0x08001acc       0x70 ./Drivers/STM32G4xx_HAL_Driver/Src/stm32g4xx_hal_flash_ex.o
 .text.FLASH_PageErase
                0x08001b3c       0x88 ./Drivers/STM32G4xx_HAL_Driver/Src/stm32g4xx_hal_flash_ex.o
                0x08001b3c                FLASH_PageErase
 .text.FLASH_FlushCaches
                0x08001bc4       0x94 ./Drivers/STM32G4xx_HAL_Driver/Src/stm32g4xx_hal_flash_ex.o
                0x08001bc4                FLASH_FlushCaches
 .text.HAL_GPIO_Init
                0x08001c58      0x304 ./Drivers/STM32G4xx_HAL_Driver/Src/stm32g4xx_hal_gpio.o
                0x08001c58                HAL_GPIO_Init
 .text.HAL_GPIO_WritePin
                0x08001f5c       0x30 ./Drivers/STM32G4xx_HAL_Driver/Src/stm32g4xx_hal_gpio.o
                0x08001f5c                HAL_GPIO_WritePin
 .text.HAL_PWREx_ControlVoltageScaling
                0x08001f8c      0x148 ./Drivers/STM32G4xx_HAL_Driver/Src/stm32g4xx_hal_pwr_ex.o
                0x08001f8c                HAL_PWREx_ControlVoltageScaling
 .text.HAL_PWREx_DisableUCPDDeadBattery
                0x080020d4       0x20 ./Drivers/STM32G4xx_HAL_Driver/Src/stm32g4xx_hal_pwr_ex.o
                0x080020d4                HAL_PWREx_DisableUCPDDeadBattery
 .text.HAL_RCC_OscConfig
                0x080020f4      0x624 ./Drivers/STM32G4xx_HAL_Driver/Src/stm32g4xx_hal_rcc.o
                0x080020f4                HAL_RCC_OscConfig
 .text.HAL_RCC_ClockConfig
                0x08002718      0x278 ./Drivers/STM32G4xx_HAL_Driver/Src/stm32g4xx_hal_rcc.o
                0x08002718                HAL_RCC_ClockConfig
 .text.HAL_RCC_GetSysClockFreq
                0x08002990       0xc4 ./Drivers/STM32G4xx_HAL_Driver/Src/stm32g4xx_hal_rcc.o
                0x08002990                HAL_RCC_GetSysClockFreq
 .text.HAL_RCC_GetHCLKFreq
                0x08002a54       0x18 ./Drivers/STM32G4xx_HAL_Driver/Src/stm32g4xx_hal_rcc.o
                0x08002a54                HAL_RCC_GetHCLKFreq
 .text.HAL_RCC_GetPCLK1Freq
                0x08002a6c       0x2c ./Drivers/STM32G4xx_HAL_Driver/Src/stm32g4xx_hal_rcc.o
                0x08002a6c                HAL_RCC_GetPCLK1Freq
 .text.HAL_RCC_GetPCLK2Freq
                0x08002a98       0x2c ./Drivers/STM32G4xx_HAL_Driver/Src/stm32g4xx_hal_rcc.o
                0x08002a98                HAL_RCC_GetPCLK2Freq
 .text.RCC_GetSysClockFreqFromPLLSource
                0x08002ac4       0x8c ./Drivers/STM32G4xx_HAL_Driver/Src/stm32g4xx_hal_rcc.o
 .text.HAL_RCCEx_PeriphCLKConfig
                0x08002b50      0x49c ./Drivers/STM32G4xx_HAL_Driver/Src/stm32g4xx_hal_rcc_ex.o
                0x08002b50                HAL_RCCEx_PeriphCLKConfig
 .text.HAL_UART_Init
                0x08002fec       0xa0 ./Drivers/STM32G4xx_HAL_Driver/Src/stm32g4xx_hal_uart.o
                0x08002fec                HAL_UART_Init
 .text.HAL_UART_Transmit
                0x0800308c      0x11c ./Drivers/STM32G4xx_HAL_Driver/Src/stm32g4xx_hal_uart.o
                0x0800308c                HAL_UART_Transmit
 .text.HAL_UART_Receive
                0x080031a8      0x190 ./Drivers/STM32G4xx_HAL_Driver/Src/stm32g4xx_hal_uart.o
                0x080031a8                HAL_UART_Receive
 .text.HAL_UART_Abort
                0x08003338      0x21a ./Drivers/STM32G4xx_HAL_Driver/Src/stm32g4xx_hal_uart.o
                0x08003338                HAL_UART_Abort
 .text.HAL_UART_GetState
                0x08003552       0x2a ./Drivers/STM32G4xx_HAL_Driver/Src/stm32g4xx_hal_uart.o
                0x08003552                HAL_UART_GetState
 .text.UART_SetConfig
                0x0800357c      0x5f8 ./Drivers/STM32G4xx_HAL_Driver/Src/stm32g4xx_hal_uart.o
                0x0800357c                UART_SetConfig
 .text.UART_AdvFeatureConfig
                0x08003b74      0x144 ./Drivers/STM32G4xx_HAL_Driver/Src/stm32g4xx_hal_uart.o
                0x08003b74                UART_AdvFeatureConfig
 .text.UART_CheckIdleState
                0x08003cb8      0x154 ./Drivers/STM32G4xx_HAL_Driver/Src/stm32g4xx_hal_uart.o
                0x08003cb8                UART_CheckIdleState
 .text.UART_WaitOnFlagUntilTimeout
                0x08003e0c       0xda ./Drivers/STM32G4xx_HAL_Driver/Src/stm32g4xx_hal_uart.o
                0x08003e0c                UART_WaitOnFlagUntilTimeout
 .text.UART_EndRxTransfer
                0x08003ee6       0xcc ./Drivers/STM32G4xx_HAL_Driver/Src/stm32g4xx_hal_uart.o
 .text.HAL_UARTEx_DisableFifoMode
                0x08003fb2       0x72 ./Drivers/STM32G4xx_HAL_Driver/Src/stm32g4xx_hal_uart_ex.o
                0x08003fb2                HAL_UARTEx_DisableFifoMode
 .text.HAL_UARTEx_SetTxFifoThreshold
                0x08004024       0x7c ./Drivers/STM32G4xx_HAL_Driver/Src/stm32g4xx_hal_uart_ex.o
                0x08004024                HAL_UARTEx_SetTxFifoThreshold
 .text.HAL_UARTEx_SetRxFifoThreshold
                0x080040a0       0x7c ./Drivers/STM32G4xx_HAL_Driver/Src/stm32g4xx_hal_uart_ex.o
                0x080040a0                HAL_UARTEx_SetRxFifoThreshold
 .text.UARTEx_SetNbDataToProcess
                0x0800411c       0x9c ./Drivers/STM32G4xx_HAL_Driver/Src/stm32g4xx_hal_uart_ex.o
 .text.memset   0x080041b8       0x10 C:/ST/STM32CubeIDE_1.13.0/STM32CubeIDE/plugins/com.st.stm32cube.ide.mcu.externaltools.gnu-tools-for-stm32.13.3.rel1.win32_1.0.0.202411081344/tools/bin/../lib/gcc/arm-none-eabi/13.3.1/../../../../arm-none-eabi/lib/thumb/v7e-m+fp/hard\libc_nano.a(libc_a-memset.o)
                0x080041b8                memset
 .text.__libc_init_array
                0x080041c8       0x48 C:/ST/STM32CubeIDE_1.13.0/STM32CubeIDE/plugins/com.st.stm32cube.ide.mcu.externaltools.gnu-tools-for-stm32.13.3.rel1.win32_1.0.0.202411081344/tools/bin/../lib/gcc/arm-none-eabi/13.3.1/../../../../arm-none-eabi/lib/thumb/v7e-m+fp/hard\libc_nano.a(libc_a-init.o)
                0x080041c8                __libc_init_array
 *(.glue_7)
 .glue_7        0x08004210        0x0 linker stubs
 *(.glue_7t)
 .glue_7t       0x08004210        0x0 linker stubs
 *(.eh_frame)
 .eh_frame      0x08004210        0x0 C:/ST/STM32CubeIDE_1.13.0/STM32CubeIDE/plugins/com.st.stm32cube.ide.mcu.externaltools.gnu-tools-for-stm32.13.3.rel1.win32_1.0.0.202411081344/tools/bin/../lib/gcc/arm-none-eabi/13.3.1/thumb/v7e-m+fp/hard/crtbegin.o
 *(.init)
 .init          0x08004210        0x4 C:/ST/STM32CubeIDE_1.13.0/STM32CubeIDE/plugins/com.st.stm32cube.ide.mcu.externaltools.gnu-tools-for-stm32.13.3.rel1.win32_1.0.0.202411081344/tools/bin/../lib/gcc/arm-none-eabi/13.3.1/thumb/v7e-m+fp/hard/crti.o
                0x08004210                _init
 .init          0x08004214        0x8 C:/ST/STM32CubeIDE_1.13.0/STM32CubeIDE/plugins/com.st.stm32cube.ide.mcu.externaltools.gnu-tools-for-stm32.13.3.rel1.win32_1.0.0.202411081344/tools/bin/../lib/gcc/arm-none-eabi/13.3.1/thumb/v7e-m+fp/hard/crtn.o
 *(.fini)
 .fini          0x0800421c        0x4 C:/ST/STM32CubeIDE_1.13.0/STM32CubeIDE/plugins/com.st.stm32cube.ide.mcu.externaltools.gnu-tools-for-stm32.13.3.rel1.win32_1.0.0.202411081344/tools/bin/../lib/gcc/arm-none-eabi/13.3.1/thumb/v7e-m+fp/hard/crti.o
                0x0800421c                _fini
 .fini          0x08004220        0x8 C:/ST/STM32CubeIDE_1.13.0/STM32CubeIDE/plugins/com.st.stm32cube.ide.mcu.externaltools.gnu-tools-for-stm32.13.3.rel1.win32_1.0.0.202411081344/tools/bin/../lib/gcc/arm-none-eabi/13.3.1/thumb/v7e-m+fp/hard/crtn.o
                0x08004228                        . = ALIGN (0x4)
                0x08004228                        _etext = .

.vfp11_veneer   0x08004228        0x0
 .vfp11_veneer  0x08004228        0x0 linker stubs

.v4_bx          0x08004228        0x0
 .v4_bx         0x08004228        0x0 linker stubs

.iplt           0x08004228        0x0
 .iplt          0x08004228        0x0 C:/ST/STM32CubeIDE_1.13.0/STM32CubeIDE/plugins/com.st.stm32cube.ide.mcu.externaltools.gnu-tools-for-stm32.13.3.rel1.win32_1.0.0.202411081344/tools/bin/../lib/gcc/arm-none-eabi/13.3.1/thumb/v7e-m+fp/hard/crtbegin.o

.rodata         0x08004228      0x360
                0x08004228                        . = ALIGN (0x4)
 *(.rodata)
 .rodata        0x08004228      0x2e2 ./Core/Src/main.o
 *fill*         0x0800450a        0x2 
 .rodata        0x0800450c       0x39 ./Core/Src/xmodem.o
 *(.rodata*)
 *fill*         0x08004545        0x3 
 .rodata.AHBPrescTable
                0x08004548       0x10 ./Core/Src/system_stm32g4xx.o
                0x08004548                AHBPrescTable
 .rodata.APBPrescTable
                0x08004558        0x8 ./Core/Src/system_stm32g4xx.o
                0x08004558                APBPrescTable
 .rodata.UARTPrescTable
                0x08004560       0x18 ./Drivers/STM32G4xx_HAL_Driver/Src/stm32g4xx_hal_uart.o
                0x08004560                UARTPrescTable
 .rodata.numerator.1
                0x08004578        0x8 ./Drivers/STM32G4xx_HAL_Driver/Src/stm32g4xx_hal_uart_ex.o
 .rodata.denominator.0
                0x08004580        0x8 ./Drivers/STM32G4xx_HAL_Driver/Src/stm32g4xx_hal_uart_ex.o
                0x08004588                        . = ALIGN (0x4)

.ARM.extab      0x08004588        0x0
                0x08004588                        . = ALIGN (0x4)
 *(.ARM.extab* .gnu.linkonce.armextab.*)
                0x08004588                        . = ALIGN (0x4)

.ARM            0x08004588        0x8
                0x08004588                        . = ALIGN (0x4)
                0x08004588                        __exidx_start = .
 *(.ARM.exidx*)
 .ARM.exidx     0x08004588        0x8 C:/ST/STM32CubeIDE_1.13.0/STM32CubeIDE/plugins/com.st.stm32cube.ide.mcu.externaltools.gnu-tools-for-stm32.13.3.rel1.win32_1.0.0.202411081344/tools/bin/../lib/gcc/arm-none-eabi/13.3.1/thumb/v7e-m+fp/hard\libgcc.a(_udivmoddi4.o)
                0x08004590                        __exidx_end = .
                0x08004590                        . = ALIGN (0x4)

.rel.dyn        0x08004590        0x0
 .rel.iplt      0x08004590        0x0 C:/ST/STM32CubeIDE_1.13.0/STM32CubeIDE/plugins/com.st.stm32cube.ide.mcu.externaltools.gnu-tools-for-stm32.13.3.rel1.win32_1.0.0.202411081344/tools/bin/../lib/gcc/arm-none-eabi/13.3.1/thumb/v7e-m+fp/hard/crtbegin.o

.preinit_array  0x08004590        0x0
                0x08004590                        . = ALIGN (0x4)
                0x08004590                        PROVIDE (__preinit_array_start = .)
 *(.preinit_array*)
                0x08004590                        PROVIDE (__preinit_array_end = .)
                0x08004590                        . = ALIGN (0x4)

.init_array     0x08004590        0x4
                0x08004590                        . = ALIGN (0x4)
                0x08004590                        PROVIDE (__init_array_start = .)
 *(SORT_BY_NAME(.init_array.*))
 *(.init_array*)
 .init_array    0x08004590        0x4 C:/ST/STM32CubeIDE_1.13.0/STM32CubeIDE/plugins/com.st.stm32cube.ide.mcu.externaltools.gnu-tools-for-stm32.13.3.rel1.win32_1.0.0.202411081344/tools/bin/../lib/gcc/arm-none-eabi/13.3.1/thumb/v7e-m+fp/hard/crtbegin.o
                0x08004594                        PROVIDE (__init_array_end = .)
                0x08004594                        . = ALIGN (0x4)

.fini_array     0x08004594        0x4
                0x08004594                        . = ALIGN (0x4)
                [!provide]                        PROVIDE (__fini_array_start = .)
 *(SORT_BY_NAME(.fini_array.*))
 *(.fini_array*)
 .fini_array    0x08004594        0x4 C:/ST/STM32CubeIDE_1.13.0/STM32CubeIDE/plugins/com.st.stm32cube.ide.mcu.externaltools.gnu-tools-for-stm32.13.3.rel1.win32_1.0.0.202411081344/tools/bin/../lib/gcc/arm-none-eabi/13.3.1/thumb/v7e-m+fp/hard/crtbegin.o
                [!provide]                        PROVIDE (__fini_array_end = .)
                0x08004598                        . = ALIGN (0x4)
                0x08004598                        _sidata = LOADADDR (.data)

.data           0x20000000       0x30 load address 0x08004598
                0x20000000                        . = ALIGN (0x4)
                0x20000000                        _sdata = .
 *(.data)
 *(.data*)
 .data.SystemCoreClock
                0x20000000        0x4 ./Core/Src/system_stm32g4xx.o
                0x20000000                SystemCoreClock
 .data.xmodem_packet_number
                0x20000004        0x1 ./Core/Src/xmodem.o
 *fill*         0x20000005        0x3 
 .data.uwTickPrio
                0x20000008        0x4 ./Drivers/STM32G4xx_HAL_Driver/Src/stm32g4xx_hal.o
                0x20000008                uwTickPrio
 .data.uwTickFreq
                0x2000000c        0x4 ./Drivers/STM32G4xx_HAL_Driver/Src/stm32g4xx_hal.o
                0x2000000c                uwTickFreq
 .data.pFlash   0x20000010       0x20 ./Drivers/STM32G4xx_HAL_Driver/Src/stm32g4xx_hal_flash.o
                0x20000010                pFlash
 *(.RamFunc)
 *(.RamFunc*)
                0x20000030                        . = ALIGN (0x4)
                0x20000030                        _edata = .

.igot.plt       0x20000030        0x0 load address 0x080045c8
 .igot.plt      0x20000030        0x0 C:/ST/STM32CubeIDE_1.13.0/STM32CubeIDE/plugins/com.st.stm32cube.ide.mcu.externaltools.gnu-tools-for-stm32.13.3.rel1.win32_1.0.0.202411081344/tools/bin/../lib/gcc/arm-none-eabi/13.3.1/thumb/v7e-m+fp/hard/crtbegin.o
                0x20000030                        . = ALIGN (0x4)

.bss            0x20000030       0xc4 load address 0x080045c8
                0x20000030                        _sbss = .
                0x20000030                        __bss_start__ = _sbss
 *(.bss)
 .bss           0x20000030       0x1c C:/ST/STM32CubeIDE_1.13.0/STM32CubeIDE/plugins/com.st.stm32cube.ide.mcu.externaltools.gnu-tools-for-stm32.13.3.rel1.win32_1.0.0.202411081344/tools/bin/../lib/gcc/arm-none-eabi/13.3.1/thumb/v7e-m+fp/hard/crtbegin.o
 *(.bss*)
 .bss.huart4    0x2000004c       0x94 ./Core/Src/main.o
                0x2000004c                huart4
 .bss.xmodem_actual_flash_address
                0x200000e0        0x4 ./Core/Src/xmodem.o
 .bss.x_first_packet_received
                0x200000e4        0x1 ./Core/Src/xmodem.o
 *fill*         0x200000e5        0x3 
 .bss.xmodem_start_address
                0x200000e8        0x4 ./Core/Src/xmodem.o
 .bss.xmodem_end_address
                0x200000ec        0x4 ./Core/Src/xmodem.o
 .bss.uwTick    0x200000f0        0x4 ./Drivers/STM32G4xx_HAL_Driver/Src/stm32g4xx_hal.o
                0x200000f0                uwTick
 *(COMMON)
                0x200000f4                        . = ALIGN (0x4)
                0x200000f4                        _ebss = .
                0x200000f4                        __bss_end__ = _ebss

._user_heap_stack
                0x200000f4      0x604 load address 0x080045c8
                0x200000f8                        . = ALIGN (0x8)
 *fill*         0x200000f4        0x4 
                [!provide]                        PROVIDE (end = .)
                0x200000f8                        PROVIDE (_end = .)
                0x200002f8                        . = (. + _Min_Heap_Size)
 *fill*         0x200000f8      0x200 
                0x200006f8                        . = (. + _Min_Stack_Size)
 *fill*         0x200002f8      0x400 
                0x200006f8                        . = ALIGN (0x8)

/DISCARD/
 libc.a(*)
 libm.a(*)
 libgcc.a(*)

.ARM.attributes
                0x00000000       0x30
 *(.ARM.attributes)
 .ARM.attributes
                0x00000000       0x22 C:/ST/STM32CubeIDE_1.13.0/STM32CubeIDE/plugins/com.st.stm32cube.ide.mcu.externaltools.gnu-tools-for-stm32.13.3.rel1.win32_1.0.0.202411081344/tools/bin/../lib/gcc/arm-none-eabi/13.3.1/thumb/v7e-m+fp/hard/crti.o
 .ARM.attributes
                0x00000022       0x34 C:/ST/STM32CubeIDE_1.13.0/STM32CubeIDE/plugins/com.st.stm32cube.ide.mcu.externaltools.gnu-tools-for-stm32.13.3.rel1.win32_1.0.0.202411081344/tools/bin/../lib/gcc/arm-none-eabi/13.3.1/thumb/v7e-m+fp/hard/crtbegin.o
 .ARM.attributes
                0x00000056       0x34 ./Core/Src/flash.o
 .ARM.attributes
                0x0000008a       0x34 ./Core/Src/main.o
 .ARM.attributes
                0x000000be       0x34 ./Core/Src/stm32g4xx_hal_msp.o
 .ARM.attributes
                0x000000f2       0x34 ./Core/Src/stm32g4xx_it.o
 .ARM.attributes
                0x00000126       0x34 ./Core/Src/system_stm32g4xx.o
 .ARM.attributes
                0x0000015a       0x34 ./Core/Src/uart.o
 .ARM.attributes
                0x0000018e       0x34 ./Core/Src/xmodem.o
 .ARM.attributes
                0x000001c2       0x21 ./Core/Startup/startup_stm32g474qetx.o
 .ARM.attributes
                0x000001e3       0x34 ./Drivers/STM32G4xx_HAL_Driver/Src/stm32g4xx_hal.o
 .ARM.attributes
                0x00000217       0x34 ./Drivers/STM32G4xx_HAL_Driver/Src/stm32g4xx_hal_cortex.o
 .ARM.attributes
                0x0000024b       0x34 ./Drivers/STM32G4xx_HAL_Driver/Src/stm32g4xx_hal_dma.o
 .ARM.attributes
                0x0000027f       0x34 ./Drivers/STM32G4xx_HAL_Driver/Src/stm32g4xx_hal_flash.o
 .ARM.attributes
                0x000002b3       0x34 ./Drivers/STM32G4xx_HAL_Driver/Src/stm32g4xx_hal_flash_ex.o
 .ARM.attributes
                0x000002e7       0x34 ./Drivers/STM32G4xx_HAL_Driver/Src/stm32g4xx_hal_gpio.o
 .ARM.attributes
                0x0000031b       0x34 ./Drivers/STM32G4xx_HAL_Driver/Src/stm32g4xx_hal_pwr_ex.o
 .ARM.attributes
                0x0000034f       0x34 ./Drivers/STM32G4xx_HAL_Driver/Src/stm32g4xx_hal_rcc.o
 .ARM.attributes
                0x00000383       0x34 ./Drivers/STM32G4xx_HAL_Driver/Src/stm32g4xx_hal_rcc_ex.o
 .ARM.attributes
                0x000003b7       0x34 ./Drivers/STM32G4xx_HAL_Driver/Src/stm32g4xx_hal_uart.o
 .ARM.attributes
                0x000003eb       0x34 ./Drivers/STM32G4xx_HAL_Driver/Src/stm32g4xx_hal_uart_ex.o
 .ARM.attributes
                0x0000041f       0x34 C:/ST/STM32CubeIDE_1.13.0/STM32CubeIDE/plugins/com.st.stm32cube.ide.mcu.externaltools.gnu-tools-for-stm32.13.3.rel1.win32_1.0.0.202411081344/tools/bin/../lib/gcc/arm-none-eabi/13.3.1/../../../../arm-none-eabi/lib/thumb/v7e-m+fp/hard\libc_nano.a(libc_a-memset.o)
 .ARM.attributes
                0x00000453       0x34 C:/ST/STM32CubeIDE_1.13.0/STM32CubeIDE/plugins/com.st.stm32cube.ide.mcu.externaltools.gnu-tools-for-stm32.13.3.rel1.win32_1.0.0.202411081344/tools/bin/../lib/gcc/arm-none-eabi/13.3.1/../../../../arm-none-eabi/lib/thumb/v7e-m+fp/hard\libc_nano.a(libc_a-init.o)
 .ARM.attributes
                0x00000487       0x22 C:/ST/STM32CubeIDE_1.13.0/STM32CubeIDE/plugins/com.st.stm32cube.ide.mcu.externaltools.gnu-tools-for-stm32.13.3.rel1.win32_1.0.0.202411081344/tools/bin/../lib/gcc/arm-none-eabi/13.3.1/thumb/v7e-m+fp/hard\libgcc.a(_aeabi_uldivmod.o)
 .ARM.attributes
                0x000004a9       0x34 C:/ST/STM32CubeIDE_1.13.0/STM32CubeIDE/plugins/com.st.stm32cube.ide.mcu.externaltools.gnu-tools-for-stm32.13.3.rel1.win32_1.0.0.202411081344/tools/bin/../lib/gcc/arm-none-eabi/13.3.1/thumb/v7e-m+fp/hard\libgcc.a(_udivmoddi4.o)
 .ARM.attributes
                0x000004dd       0x22 C:/ST/STM32CubeIDE_1.13.0/STM32CubeIDE/plugins/com.st.stm32cube.ide.mcu.externaltools.gnu-tools-for-stm32.13.3.rel1.win32_1.0.0.202411081344/tools/bin/../lib/gcc/arm-none-eabi/13.3.1/thumb/v7e-m+fp/hard\libgcc.a(_dvmd_tls.o)
 .ARM.attributes
                0x000004ff       0x22 C:/ST/STM32CubeIDE_1.13.0/STM32CubeIDE/plugins/com.st.stm32cube.ide.mcu.externaltools.gnu-tools-for-stm32.13.3.rel1.win32_1.0.0.202411081344/tools/bin/../lib/gcc/arm-none-eabi/13.3.1/thumb/v7e-m+fp/hard/crtn.o
OUTPUT(engine_bootloader.elf elf32-littlearm)
LOAD linker stubs
LOAD C:/ST/STM32CubeIDE_1.13.0/STM32CubeIDE/plugins/com.st.stm32cube.ide.mcu.externaltools.gnu-tools-for-stm32.13.3.rel1.win32_1.0.0.202411081344/tools/bin/../lib/gcc/arm-none-eabi/13.3.1/../../../../arm-none-eabi/lib/thumb/v7e-m+fp/hard\libc.a
LOAD C:/ST/STM32CubeIDE_1.13.0/STM32CubeIDE/plugins/com.st.stm32cube.ide.mcu.externaltools.gnu-tools-for-stm32.13.3.rel1.win32_1.0.0.202411081344/tools/bin/../lib/gcc/arm-none-eabi/13.3.1/../../../../arm-none-eabi/lib/thumb/v7e-m+fp/hard\libm.a
LOAD C:/ST/STM32CubeIDE_1.13.0/STM32CubeIDE/plugins/com.st.stm32cube.ide.mcu.externaltools.gnu-tools-for-stm32.13.3.rel1.win32_1.0.0.202411081344/tools/bin/../lib/gcc/arm-none-eabi/13.3.1/thumb/v7e-m+fp/hard\libgcc.a

.debug_info     0x00000000     0xe9a2
 .debug_info    0x00000000      0x501 ./Core/Src/flash.o
 .debug_info    0x00000501      0xf98 ./Core/Src/main.o
 .debug_info    0x00001499      0xd6c ./Core/Src/stm32g4xx_hal_msp.o
 .debug_info    0x00002205      0x113 ./Core/Src/stm32g4xx_it.o
 .debug_info    0x00002318      0x58e ./Core/Src/system_stm32g4xx.o
 .debug_info    0x000028a6      0x923 ./Core/Src/uart.o
 .debug_info    0x000031c9      0x47e ./Core/Src/xmodem.o
 .debug_info    0x00003647       0x30 ./Core/Startup/startup_stm32g474qetx.o
 .debug_info    0x00003677      0xb95 ./Drivers/STM32G4xx_HAL_Driver/Src/stm32g4xx_hal.o
 .debug_info    0x0000420c      0xdad ./Drivers/STM32G4xx_HAL_Driver/Src/stm32g4xx_hal_cortex.o
 .debug_info    0x00004fb9      0x85f ./Drivers/STM32G4xx_HAL_Driver/Src/stm32g4xx_hal_dma.o
 .debug_info    0x00005818      0x71a ./Drivers/STM32G4xx_HAL_Driver/Src/stm32g4xx_hal_flash.o
 .debug_info    0x00005f32      0x9ae ./Drivers/STM32G4xx_HAL_Driver/Src/stm32g4xx_hal_flash_ex.o
 .debug_info    0x000068e0      0x763 ./Drivers/STM32G4xx_HAL_Driver/Src/stm32g4xx_hal_gpio.o
 .debug_info    0x00007043      0x93f ./Drivers/STM32G4xx_HAL_Driver/Src/stm32g4xx_hal_pwr_ex.o
 .debug_info    0x00007982      0xbe0 ./Drivers/STM32G4xx_HAL_Driver/Src/stm32g4xx_hal_rcc.o
 .debug_info    0x00008562      0xc45 ./Drivers/STM32G4xx_HAL_Driver/Src/stm32g4xx_hal_rcc_ex.o
 .debug_info    0x000091a7     0x481e ./Drivers/STM32G4xx_HAL_Driver/Src/stm32g4xx_hal_uart.o
 .debug_info    0x0000d9c5      0xfdd ./Drivers/STM32G4xx_HAL_Driver/Src/stm32g4xx_hal_uart_ex.o

.debug_abbrev   0x00000000     0x279b
 .debug_abbrev  0x00000000      0x213 ./Core/Src/flash.o
 .debug_abbrev  0x00000213      0x2a4 ./Core/Src/main.o
 .debug_abbrev  0x000004b7      0x1e4 ./Core/Src/stm32g4xx_hal_msp.o
 .debug_abbrev  0x0000069b       0x73 ./Core/Src/stm32g4xx_it.o
 .debug_abbrev  0x0000070e      0x11a ./Core/Src/system_stm32g4xx.o
 .debug_abbrev  0x00000828      0x187 ./Core/Src/uart.o
 .debug_abbrev  0x000009af      0x1b2 ./Core/Src/xmodem.o
 .debug_abbrev  0x00000b61       0x24 ./Core/Startup/startup_stm32g474qetx.o
 .debug_abbrev  0x00000b85      0x271 ./Drivers/STM32G4xx_HAL_Driver/Src/stm32g4xx_hal.o
 .debug_abbrev  0x00000df6      0x31c ./Drivers/STM32G4xx_HAL_Driver/Src/stm32g4xx_hal_cortex.o
 .debug_abbrev  0x00001112      0x1e2 ./Drivers/STM32G4xx_HAL_Driver/Src/stm32g4xx_hal_dma.o
 .debug_abbrev  0x000012f4      0x325 ./Drivers/STM32G4xx_HAL_Driver/Src/stm32g4xx_hal_flash.o
 .debug_abbrev  0x00001619      0x294 ./Drivers/STM32G4xx_HAL_Driver/Src/stm32g4xx_hal_flash_ex.o
 .debug_abbrev  0x000018ad      0x1cb ./Drivers/STM32G4xx_HAL_Driver/Src/stm32g4xx_hal_gpio.o
 .debug_abbrev  0x00001a78      0x22c ./Drivers/STM32G4xx_HAL_Driver/Src/stm32g4xx_hal_pwr_ex.o
 .debug_abbrev  0x00001ca4      0x2c9 ./Drivers/STM32G4xx_HAL_Driver/Src/stm32g4xx_hal_rcc.o
 .debug_abbrev  0x00001f6d      0x258 ./Drivers/STM32G4xx_HAL_Driver/Src/stm32g4xx_hal_rcc_ex.o
 .debug_abbrev  0x000021c5      0x304 ./Drivers/STM32G4xx_HAL_Driver/Src/stm32g4xx_hal_uart.o
 .debug_abbrev  0x000024c9      0x2d2 ./Drivers/STM32G4xx_HAL_Driver/Src/stm32g4xx_hal_uart_ex.o

.debug_aranges  0x00000000      0xbe0
 .debug_aranges
                0x00000000       0x48 ./Core/Src/flash.o
 .debug_aranges
                0x00000048       0x40 ./Core/Src/main.o
 .debug_aranges
                0x00000088       0x30 ./Core/Src/stm32g4xx_hal_msp.o
 .debug_aranges
                0x000000b8       0x60 ./Core/Src/stm32g4xx_it.o
 .debug_aranges
                0x00000118       0x28 ./Core/Src/system_stm32g4xx.o
 .debug_aranges
                0x00000140       0x30 ./Core/Src/uart.o
 .debug_aranges
                0x00000170       0x38 ./Core/Src/xmodem.o
 .debug_aranges
                0x000001a8       0x28 ./Core/Startup/startup_stm32g474qetx.o
 .debug_aranges
                0x000001d0      0x148 ./Drivers/STM32G4xx_HAL_Driver/Src/stm32g4xx_hal.o
 .debug_aranges
                0x00000318      0x118 ./Drivers/STM32G4xx_HAL_Driver/Src/stm32g4xx_hal_cortex.o
 .debug_aranges
                0x00000430       0x90 ./Drivers/STM32G4xx_HAL_Driver/Src/stm32g4xx_hal_dma.o
 .debug_aranges
                0x000004c0       0x88 ./Drivers/STM32G4xx_HAL_Driver/Src/stm32g4xx_hal_flash.o
 .debug_aranges
                0x00000548       0xc8 ./Drivers/STM32G4xx_HAL_Driver/Src/stm32g4xx_hal_flash_ex.o
 .debug_aranges
                0x00000610       0x58 ./Drivers/STM32G4xx_HAL_Driver/Src/stm32g4xx_hal_gpio.o
 .debug_aranges
                0x00000668      0x140 ./Drivers/STM32G4xx_HAL_Driver/Src/stm32g4xx_hal_pwr_ex.o
 .debug_aranges
                0x000007a8       0x98 ./Drivers/STM32G4xx_HAL_Driver/Src/stm32g4xx_hal_rcc.o
 .debug_aranges
                0x00000840       0xb0 ./Drivers/STM32G4xx_HAL_Driver/Src/stm32g4xx_hal_rcc_ex.o
 .debug_aranges
                0x000008f0      0x248 ./Drivers/STM32G4xx_HAL_Driver/Src/stm32g4xx_hal_uart.o
 .debug_aranges
                0x00000b38       0xa8 ./Drivers/STM32G4xx_HAL_Driver/Src/stm32g4xx_hal_uart_ex.o

.debug_rnglists
                0x00000000      0x914
 .debug_rnglists
                0x00000000       0x34 ./Core/Src/flash.o
 .debug_rnglists
                0x00000034       0x2f ./Core/Src/main.o
 .debug_rnglists
                0x00000063       0x20 ./Core/Src/stm32g4xx_hal_msp.o
 .debug_rnglists
                0x00000083       0x43 ./Core/Src/stm32g4xx_it.o
 .debug_rnglists
                0x000000c6       0x1a ./Core/Src/system_stm32g4xx.o
 .debug_rnglists
                0x000000e0       0x1f ./Core/Src/uart.o
 .debug_rnglists
                0x000000ff       0x27 ./Core/Src/xmodem.o
 .debug_rnglists
                0x00000126       0x19 ./Core/Startup/startup_stm32g474qetx.o
 .debug_rnglists
                0x0000013f       0xf1 ./Drivers/STM32G4xx_HAL_Driver/Src/stm32g4xx_hal.o
 .debug_rnglists
                0x00000230       0xce ./Drivers/STM32G4xx_HAL_Driver/Src/stm32g4xx_hal_cortex.o
 .debug_rnglists
                0x000002fe       0x71 ./Drivers/STM32G4xx_HAL_Driver/Src/stm32g4xx_hal_dma.o
 .debug_rnglists
                0x0000036f       0x65 ./Drivers/STM32G4xx_HAL_Driver/Src/stm32g4xx_hal_flash.o
 .debug_rnglists
                0x000003d4       0x9c ./Drivers/STM32G4xx_HAL_Driver/Src/stm32g4xx_hal_flash_ex.o
 .debug_rnglists
                0x00000470       0x3f ./Drivers/STM32G4xx_HAL_Driver/Src/stm32g4xx_hal_gpio.o
 .debug_rnglists
                0x000004af       0xf1 ./Drivers/STM32G4xx_HAL_Driver/Src/stm32g4xx_hal_pwr_ex.o
 .debug_rnglists
                0x000005a0       0x74 ./Drivers/STM32G4xx_HAL_Driver/Src/stm32g4xx_hal_rcc.o
 .debug_rnglists
                0x00000614       0x87 ./Drivers/STM32G4xx_HAL_Driver/Src/stm32g4xx_hal_rcc_ex.o
 .debug_rnglists
                0x0000069b      0x1fa ./Drivers/STM32G4xx_HAL_Driver/Src/stm32g4xx_hal_uart.o
 .debug_rnglists
                0x00000895       0x7f ./Drivers/STM32G4xx_HAL_Driver/Src/stm32g4xx_hal_uart_ex.o

.debug_macro    0x00000000    0x24ae5
 .debug_macro   0x00000000      0x1ee ./Core/Src/flash.o
 .debug_macro   0x000001ee      0xad8 ./Core/Src/flash.o
 .debug_macro   0x00000cc6      0x155 ./Core/Src/flash.o
 .debug_macro   0x00000e1b       0x2e ./Core/Src/flash.o
 .debug_macro   0x00000e49       0x28 ./Core/Src/flash.o
 .debug_macro   0x00000e71       0x22 ./Core/Src/flash.o
 .debug_macro   0x00000e93       0x8e ./Core/Src/flash.o
 .debug_macro   0x00000f21       0x51 ./Core/Src/flash.o
 .debug_macro   0x00000f72      0x103 ./Core/Src/flash.o
 .debug_macro   0x00001075       0x6a ./Core/Src/flash.o
 .debug_macro   0x000010df      0x1df ./Core/Src/flash.o
 .debug_macro   0x000012be       0x1c ./Core/Src/flash.o
 .debug_macro   0x000012da       0x22 ./Core/Src/flash.o
 .debug_macro   0x000012fc       0xfb ./Core/Src/flash.o
 .debug_macro   0x000013f7     0x1011 ./Core/Src/flash.o
 .debug_macro   0x00002408      0x11f ./Core/Src/flash.o
 .debug_macro   0x00002527    0x18b45 ./Core/Src/flash.o
 .debug_macro   0x0001b06c       0x6d ./Core/Src/flash.o
 .debug_macro   0x0001b0d9     0x354d ./Core/Src/flash.o
 .debug_macro   0x0001e626      0x190 ./Core/Src/flash.o
 .debug_macro   0x0001e7b6       0x5c ./Core/Src/flash.o
 .debug_macro   0x0001e812     0x171f ./Core/Src/flash.o
 .debug_macro   0x0001ff31      0x600 ./Core/Src/flash.o
 .debug_macro   0x00020531      0x1b6 ./Core/Src/flash.o
 .debug_macro   0x000206e7      0x34a ./Core/Src/flash.o
 .debug_macro   0x00020a31      0x53c ./Core/Src/flash.o
 .debug_macro   0x00020f6d      0x18b ./Core/Src/flash.o
 .debug_macro   0x000210f8       0x43 ./Core/Src/flash.o
 .debug_macro   0x0002113b      0x23d ./Core/Src/flash.o
 .debug_macro   0x00021378      0x211 ./Core/Src/flash.o
 .debug_macro   0x00021589      0x45c ./Core/Src/flash.o
 .debug_macro   0x000219e5      0x11c ./Core/Src/flash.o
 .debug_macro   0x00021b01      0x122 ./Core/Src/flash.o
 .debug_macro   0x00021c23      0x3d1 ./Core/Src/flash.o
 .debug_macro   0x00021ff4      0x693 ./Core/Src/flash.o
 .debug_macro   0x00022687       0xa6 ./Core/Src/flash.o
 .debug_macro   0x0002272d      0x358 ./Core/Src/flash.o
 .debug_macro   0x00022a85       0x40 ./Core/Src/flash.o
 .debug_macro   0x00022ac5       0x10 ./Core/Src/flash.o
 .debug_macro   0x00022ad5       0x22 ./Core/Src/flash.o
 .debug_macro   0x00022af7       0x6a ./Core/Src/flash.o
 .debug_macro   0x00022b61      0x1f9 ./Core/Src/main.o
 .debug_macro   0x00022d5a       0x10 ./Core/Src/main.o
 .debug_macro   0x00022d6a       0x46 ./Core/Src/main.o
 .debug_macro   0x00022db0      0x1c9 ./Core/Src/stm32g4xx_hal_msp.o
 .debug_macro   0x00022f79      0x1d3 ./Core/Src/stm32g4xx_it.o
 .debug_macro   0x0002314c      0x1ba ./Core/Src/system_stm32g4xx.o
 .debug_macro   0x00023306      0x1ca ./Core/Src/uart.o
 .debug_macro   0x000234d0      0x1ef ./Core/Src/xmodem.o
 .debug_macro   0x000236bf      0x208 ./Drivers/STM32G4xx_HAL_Driver/Src/stm32g4xx_hal.o
 .debug_macro   0x000238c7      0x1ba ./Drivers/STM32G4xx_HAL_Driver/Src/stm32g4xx_hal_cortex.o
 .debug_macro   0x00023a81      0x1ba ./Drivers/STM32G4xx_HAL_Driver/Src/stm32g4xx_hal_dma.o
 .debug_macro   0x00023c3b      0x1c0 ./Drivers/STM32G4xx_HAL_Driver/Src/stm32g4xx_hal_flash.o
 .debug_macro   0x00023dfb      0x1ba ./Drivers/STM32G4xx_HAL_Driver/Src/stm32g4xx_hal_flash_ex.o
 .debug_macro   0x00023fb5      0x1c1 ./Drivers/STM32G4xx_HAL_Driver/Src/stm32g4xx_hal_gpio.o
 .debug_macro   0x00024176      0x1e4 ./Drivers/STM32G4xx_HAL_Driver/Src/stm32g4xx_hal_pwr_ex.o
 .debug_macro   0x0002435a      0x1fc ./Drivers/STM32G4xx_HAL_Driver/Src/stm32g4xx_hal_rcc.o
 .debug_macro   0x00024556      0x1e4 ./Drivers/STM32G4xx_HAL_Driver/Src/stm32g4xx_hal_rcc_ex.o
 .debug_macro   0x0002473a      0x1e5 ./Drivers/STM32G4xx_HAL_Driver/Src/stm32g4xx_hal_uart.o
 .debug_macro   0x0002491f      0x1c6 ./Drivers/STM32G4xx_HAL_Driver/Src/stm32g4xx_hal_uart_ex.o

.debug_line     0x00000000     0xf80b
 .debug_line    0x00000000      0x8f0 ./Core/Src/flash.o
 .debug_line    0x000008f0      0x8fc ./Core/Src/main.o
 .debug_line    0x000011ec      0x796 ./Core/Src/stm32g4xx_hal_msp.o
 .debug_line    0x00001982      0x7df ./Core/Src/stm32g4xx_it.o
 .debug_line    0x00002161      0x79d ./Core/Src/system_stm32g4xx.o
 .debug_line    0x000028fe      0x79c ./Core/Src/uart.o
 .debug_line    0x0000309a      0x976 ./Core/Src/xmodem.o
 .debug_line    0x00003a10       0x7b ./Core/Startup/startup_stm32g474qetx.o
 .debug_line    0x00003a8b      0xb69 ./Drivers/STM32G4xx_HAL_Driver/Src/stm32g4xx_hal.o
 .debug_line    0x000045f4      0xca4 ./Drivers/STM32G4xx_HAL_Driver/Src/stm32g4xx_hal_cortex.o
 .debug_line    0x00005298      0xe68 ./Drivers/STM32G4xx_HAL_Driver/Src/stm32g4xx_hal_dma.o
 .debug_line    0x00006100      0xae6 ./Drivers/STM32G4xx_HAL_Driver/Src/stm32g4xx_hal_flash.o
 .debug_line    0x00006be6      0xfa3 ./Drivers/STM32G4xx_HAL_Driver/Src/stm32g4xx_hal_flash_ex.o
 .debug_line    0x00007b89      0xb42 ./Drivers/STM32G4xx_HAL_Driver/Src/stm32g4xx_hal_gpio.o
 .debug_line    0x000086cb      0xcc8 ./Drivers/STM32G4xx_HAL_Driver/Src/stm32g4xx_hal_pwr_ex.o
 .debug_line    0x00009393      0xfec ./Drivers/STM32G4xx_HAL_Driver/Src/stm32g4xx_hal_rcc.o
 .debug_line    0x0000a37f     0x1260 ./Drivers/STM32G4xx_HAL_Driver/Src/stm32g4xx_hal_rcc_ex.o
 .debug_line    0x0000b5df     0x358e ./Drivers/STM32G4xx_HAL_Driver/Src/stm32g4xx_hal_uart.o
 .debug_line    0x0000eb6d      0xc9e ./Drivers/STM32G4xx_HAL_Driver/Src/stm32g4xx_hal_uart_ex.o

.debug_str      0x00000000    0xe6830
 .debug_str     0x00000000    0xe6830 ./Core/Src/flash.o
                              0xe27e0 (size before relaxing)
 .debug_str     0x000e6830    0xe302b ./Core/Src/main.o
 .debug_str     0x000e6830    0xe2b95 ./Core/Src/stm32g4xx_hal_msp.o
 .debug_str     0x000e6830    0xe2264 ./Core/Src/stm32g4xx_it.o
 .debug_str     0x000e6830    0xe23bd ./Core/Src/system_stm32g4xx.o
 .debug_str     0x000e6830    0xe2809 ./Core/Src/uart.o
 .debug_str     0x000e6830    0xe285b ./Core/Src/xmodem.o
 .debug_str     0x000e6830       0x76 ./Core/Startup/startup_stm32g474qetx.o
 .debug_str     0x000e6830    0xe30cf ./Drivers/STM32G4xx_HAL_Driver/Src/stm32g4xx_hal.o
 .debug_str     0x000e6830    0xe2d53 ./Drivers/STM32G4xx_HAL_Driver/Src/stm32g4xx_hal_cortex.o
 .debug_str     0x000e6830    0xe2797 ./Drivers/STM32G4xx_HAL_Driver/Src/stm32g4xx_hal_dma.o
 .debug_str     0x000e6830    0xe268d ./Drivers/STM32G4xx_HAL_Driver/Src/stm32g4xx_hal_flash.o
 .debug_str     0x000e6830    0xe27dd ./Drivers/STM32G4xx_HAL_Driver/Src/stm32g4xx_hal_flash_ex.o
 .debug_str     0x000e6830    0xe2548 ./Drivers/STM32G4xx_HAL_Driver/Src/stm32g4xx_hal_gpio.o
 .debug_str     0x000e6830    0xe28ab ./Drivers/STM32G4xx_HAL_Driver/Src/stm32g4xx_hal_pwr_ex.o
 .debug_str     0x000e6830    0xe2adc ./Drivers/STM32G4xx_HAL_Driver/Src/stm32g4xx_hal_rcc.o
 .debug_str     0x000e6830    0xe2b06 ./Drivers/STM32G4xx_HAL_Driver/Src/stm32g4xx_hal_rcc_ex.o
 .debug_str     0x000e6830    0xe3378 ./Drivers/STM32G4xx_HAL_Driver/Src/stm32g4xx_hal_uart.o
 .debug_str     0x000e6830    0xe2b76 ./Drivers/STM32G4xx_HAL_Driver/Src/stm32g4xx_hal_uart_ex.o

.comment        0x00000000       0x43
 .comment       0x00000000       0x43 ./Core/Src/flash.o
                                 0x44 (size before relaxing)
 .comment       0x00000043       0x44 ./Core/Src/main.o
 .comment       0x00000043       0x44 ./Core/Src/stm32g4xx_hal_msp.o
 .comment       0x00000043       0x44 ./Core/Src/stm32g4xx_it.o
 .comment       0x00000043       0x44 ./Core/Src/system_stm32g4xx.o
 .comment       0x00000043       0x44 ./Core/Src/uart.o
 .comment       0x00000043       0x44 ./Core/Src/xmodem.o
 .comment       0x00000043       0x44 ./Drivers/STM32G4xx_HAL_Driver/Src/stm32g4xx_hal.o
 .comment       0x00000043       0x44 ./Drivers/STM32G4xx_HAL_Driver/Src/stm32g4xx_hal_cortex.o
 .comment       0x00000043       0x44 ./Drivers/STM32G4xx_HAL_Driver/Src/stm32g4xx_hal_dma.o
 .comment       0x00000043       0x44 ./Drivers/STM32G4xx_HAL_Driver/Src/stm32g4xx_hal_flash.o
 .comment       0x00000043       0x44 ./Drivers/STM32G4xx_HAL_Driver/Src/stm32g4xx_hal_flash_ex.o
 .comment       0x00000043       0x44 ./Drivers/STM32G4xx_HAL_Driver/Src/stm32g4xx_hal_gpio.o
 .comment       0x00000043       0x44 ./Drivers/STM32G4xx_HAL_Driver/Src/stm32g4xx_hal_pwr_ex.o
 .comment       0x00000043       0x44 ./Drivers/STM32G4xx_HAL_Driver/Src/stm32g4xx_hal_rcc.o
 .comment       0x00000043       0x44 ./Drivers/STM32G4xx_HAL_Driver/Src/stm32g4xx_hal_rcc_ex.o
 .comment       0x00000043       0x44 ./Drivers/STM32G4xx_HAL_Driver/Src/stm32g4xx_hal_uart.o
 .comment       0x00000043       0x44 ./Drivers/STM32G4xx_HAL_Driver/Src/stm32g4xx_hal_uart_ex.o

.debug_frame    0x00000000     0x2f20
 .debug_frame   0x00000000       0xfc ./Core/Src/flash.o
 .debug_frame   0x000000fc       0xb0 ./Core/Src/main.o
 .debug_frame   0x000001ac       0x80 ./Core/Src/stm32g4xx_hal_msp.o
 .debug_frame   0x0000022c      0x104 ./Core/Src/stm32g4xx_it.o
 .debug_frame   0x00000330       0x58 ./Core/Src/system_stm32g4xx.o
 .debug_frame   0x00000388       0x7c ./Core/Src/uart.o
 .debug_frame   0x00000404       0xa8 ./Core/Src/xmodem.o
 .debug_frame   0x000004ac      0x500 ./Drivers/STM32G4xx_HAL_Driver/Src/stm32g4xx_hal.o
 .debug_frame   0x000009ac      0x498 ./Drivers/STM32G4xx_HAL_Driver/Src/stm32g4xx_hal_cortex.o
 .debug_frame   0x00000e44      0x24c ./Drivers/STM32G4xx_HAL_Driver/Src/stm32g4xx_hal_dma.o
 .debug_frame   0x00001090      0x21c ./Drivers/STM32G4xx_HAL_Driver/Src/stm32g4xx_hal_flash.o
 .debug_frame   0x000012ac      0x344 ./Drivers/STM32G4xx_HAL_Driver/Src/stm32g4xx_hal_flash_ex.o
 .debug_frame   0x000015f0      0x14c ./Drivers/STM32G4xx_HAL_Driver/Src/stm32g4xx_hal_gpio.o
 .debug_frame   0x0000173c      0x4fc ./Drivers/STM32G4xx_HAL_Driver/Src/stm32g4xx_hal_pwr_ex.o
 .debug_frame   0x00001c38      0x23c ./Drivers/STM32G4xx_HAL_Driver/Src/stm32g4xx_hal_rcc.o
 .debug_frame   0x00001e74      0x2ac ./Drivers/STM32G4xx_HAL_Driver/Src/stm32g4xx_hal_rcc_ex.o
 .debug_frame   0x00002120      0xa94 ./Drivers/STM32G4xx_HAL_Driver/Src/stm32g4xx_hal_uart.o
 .debug_frame   0x00002bb4      0x2c0 ./Drivers/STM32G4xx_HAL_Driver/Src/stm32g4xx_hal_uart_ex.o
 .debug_frame   0x00002e74       0x20 C:/ST/STM32CubeIDE_1.13.0/STM32CubeIDE/plugins/com.st.stm32cube.ide.mcu.externaltools.gnu-tools-for-stm32.13.3.rel1.win32_1.0.0.202411081344/tools/bin/../lib/gcc/arm-none-eabi/13.3.1/../../../../arm-none-eabi/lib/thumb/v7e-m+fp/hard\libc_nano.a(libc_a-memset.o)
 .debug_frame   0x00002e94       0x2c C:/ST/STM32CubeIDE_1.13.0/STM32CubeIDE/plugins/com.st.stm32cube.ide.mcu.externaltools.gnu-tools-for-stm32.13.3.rel1.win32_1.0.0.202411081344/tools/bin/../lib/gcc/arm-none-eabi/13.3.1/../../../../arm-none-eabi/lib/thumb/v7e-m+fp/hard\libc_nano.a(libc_a-init.o)
 .debug_frame   0x00002ec0       0x2c C:/ST/STM32CubeIDE_1.13.0/STM32CubeIDE/plugins/com.st.stm32cube.ide.mcu.externaltools.gnu-tools-for-stm32.13.3.rel1.win32_1.0.0.202411081344/tools/bin/../lib/gcc/arm-none-eabi/13.3.1/thumb/v7e-m+fp/hard\libgcc.a(_aeabi_uldivmod.o)
 .debug_frame   0x00002eec       0x34 C:/ST/STM32CubeIDE_1.13.0/STM32CubeIDE/plugins/com.st.stm32cube.ide.mcu.externaltools.gnu-tools-for-stm32.13.3.rel1.win32_1.0.0.202411081344/tools/bin/../lib/gcc/arm-none-eabi/13.3.1/thumb/v7e-m+fp/hard\libgcc.a(_udivmoddi4.o)

.debug_line_str
                0x00000000       0x5a
 .debug_line_str
                0x00000000       0x5a ./Core/Startup/startup_stm32g474qetx.o
